// Jest Snapshot v1, https://goo.gl/fbAQLP

exports[`ReservedButton renders the ReservedButton component 1`] = `
<DocumentFragment>
  <button
    class="bg-teal-500 text-sm font-bold text-white py-[0.1rem] px-[0.3rem] rounded mr-2"
    type="button"
  >
    Reserved
  </button>
</DocumentFragment>
`;
